INFO: [VRFC 10-2263] Analyzing Verilog file "C:/CompOrg/project3/project_3/project_3.srcs/sources_1/imports/submission_files/AddressRegisterFile.v" into library xil_defaultlib
INFO: [VRFC 10-311] analyzing module AddressRegisterFile
INFO: [VRFC 10-2263] Analyzing Verilog file "C:/CompOrg/project3/project_3/project_3.srcs/sources_1/imports/submission_files/ArithmeticLogicUnit.v" into library xil_defaultlib
INFO: [VRFC 10-311] analyzing module ArithmeticLogicUnit
INFO: [VRFC 10-2263] Analyzing Verilog file "C:/CompOrg/project3/project_3/project_3.srcs/sources_1/imports/submission_files/ArithmeticLogicUnitSystem.v" into library xil_defaultlib
INFO: [VRFC 10-311] analyzing module MUX2to1
INFO: [VRFC 10-311] analyzing module MUX4to1
INFO: [VRFC 10-311] analyzing module ArithmeticLogicUnitSystem
INFO: [VRFC 10-2263] Analyzing Verilog file "C:/CompOrg/project3/project_3/project_3.srcs/sources_1/imports/submission_files/CPUSystem.v" into library xil_defaultlib
INFO: [VRFC 10-311] analyzing module CPUSystem
INFO: [VRFC 10-2263] Analyzing Verilog file "C:/CompOrg/project3/project_3/project_3.srcs/sources_1/imports/submission_files/DataMemory.v" into library xil_defaultlib
INFO: [VRFC 10-311] analyzing module DataMemory
INFO: [VRFC 10-2263] Analyzing Verilog file "C:/CompOrg/project3/project_3/project_3.srcs/sources_1/imports/submission_files/DataMemoryUnit.v" into library xil_defaultlib
INFO: [VRFC 10-311] analyzing module DataMemoryUnit
INFO: [VRFC 10-2263] Analyzing Verilog file "C:/CompOrg/project3/project_3/project_3.srcs/sources_1/imports/submission_files/DataRegister.v" into library xil_defaultlib
INFO: [VRFC 10-311] analyzing module DataRegister
INFO: [VRFC 10-2263] Analyzing Verilog file "C:/CompOrg/project3/project_3/project_3.srcs/sources_1/imports/submission_files/Helper.v" into library xil_defaultlib
INFO: [VRFC 10-311] analyzing module FileOperation
INFO: [VRFC 10-311] analyzing module CrystalOscillator
INFO: [VRFC 10-311] analyzing module ResetGenerator
INFO: [VRFC 10-2263] Analyzing Verilog file "C:/CompOrg/project3/project_3/project_3.srcs/sources_1/imports/submission_files/InstructionMemory.v" into library xil_defaultlib
INFO: [VRFC 10-311] analyzing module InstructionMemory
INFO: [VRFC 10-2263] Analyzing Verilog file "C:/CompOrg/project3/project_3/project_3.srcs/sources_1/imports/submission_files/InstructionMemoryUnit.v" into library xil_defaultlib
INFO: [VRFC 10-311] analyzing module InstructionMemoryUnit
INFO: [VRFC 10-2263] Analyzing Verilog file "C:/CompOrg/project3/project_3/project_3.srcs/sources_1/imports/submission_files/InstructionRegister.v" into library xil_defaultlib
INFO: [VRFC 10-311] analyzing module InstructionRegister
INFO: [VRFC 10-2263] Analyzing Verilog file "C:/CompOrg/project3/project_3/project_3.srcs/sources_1/imports/submission_files/Register16bit.v" into library xil_defaultlib
INFO: [VRFC 10-311] analyzing module Register16bit
INFO: [VRFC 10-2263] Analyzing Verilog file "C:/CompOrg/project3/project_3/project_3.srcs/sources_1/imports/submission_files/RegisterFile.v" into library xil_defaultlib
INFO: [VRFC 10-311] analyzing module RegisterFile
INFO: [VRFC 10-2263] Analyzing Verilog file "C:/CompOrg/project3/project_3/project_3.srcs/sim_1/imports/submission_files/CPUSystemSimulationFactorial.v" into library xil_defaultlib
INFO: [VRFC 10-311] analyzing module CPUSystemSimulationFactorial
