#-----------------------------------------------------------
# xsim v2017.4 (64-bit)
# SW Build 2086221 on Fri Dec 15 20:55:39 MST 2017
# IP Build 2085800 on Fri Dec 15 22:25:07 MST 2017
# Start of session at: Thu May 14 19:59:43 2026
# Process ID: 23544
# Current directory: C:/CompOrg/project3/submission_files/Simulation_Files
# Command line: xsim.exe -mode tcl -source {xsim.dir/cpusyssimarrmax/xsim_script.tcl}
# Log file: C:/CompOrg/project3/submission_files/Simulation_Files/xsim.log
# Journal file: C:/CompOrg/project3/submission_files/Simulation_Files\xsim.jou
#-----------------------------------------------------------
source xsim.dir/cpusyssimarrmax/xsim_script.tcl
# xsim {cpusyssimarrmax} -autoloadwcfg -runall
Vivado Simulator 2017.4
Time resolution is 1 ps
run -all
------------------------------------
CPUSystemSimulationArrayMax Simulation Started
[FAIL] Test No: 1, Component: MEM[0xBC] (Max Value LSB), Actual Value: 0x0000, Expected Value: 0x00aa
[FAIL] Test No: 1, Component: MEM[0xBD] (Max Value MSB), Actual Value: 0x0000, Expected Value: 0x0055
[FAIL] Test No: 1, Component: R2 (Max Value in Register), Actual Value: 0x0000, Expected Value: 0x55aa
[FAIL] Test No: 1, Component: R1 (Loop Counter=0), Actual Value: 0x0006, Expected Value: 0x0000
CPUSystemSimulationArrayMax Simulation Finished
4 Test Failed
0 Test Passed
------------------------------------
exit
INFO: [Common 17-206] Exiting xsim at Thu May 14 19:59:46 2026...
