#-----------------------------------------------------------
# xsim v2017.4 (64-bit)
# SW Build 2086221 on Fri Dec 15 20:55:39 MST 2017
# IP Build 2085800 on Fri Dec 15 22:25:07 MST 2017
# Start of session at: Thu May  7 17:05:08 2026
# Process ID: 5856
# Current directory: C:/CompOrg/project2/projectfiles/Simulation_Files
# Command line: xsim.exe -mode tcl -source {xsim.dir/cpusyssim/xsim_script.tcl}
# Log file: C:/CompOrg/project2/projectfiles/Simulation_Files/xsim.log
# Journal file: C:/CompOrg/project2/projectfiles/Simulation_Files\xsim.jou
#-----------------------------------------------------------
source xsim.dir/cpusyssim/xsim_script.tcl
# xsim {cpusyssim} -autoloadwcfg -runall
Vivado Simulator 2017.4
Time resolution is 1 ps
run -all
------------------------------------
CPUSystem Simulation Started
[PASS] Test No: 1, Component: R2, Actual Value: 0x7777, Expected Value: 0x7777
[PASS] Test No: 1, Component: R2, Actual Value: 0x0000, Expected Value: 0x0000
[FAIL] Test No: 2, Component: PC, Actual Value: 0x0000, Expected Value: 0x0011
[PASS] Test No: 3, Component: R1, Actual Value: 0x0000, Expected Value: 0x0000
[PASS] Test No: 3, Component: R2, Actual Value: 0x0001, Expected Value: 0x0001
[PASS] Test No: 3, Component: Z, Actual Value: 0x0001, Expected Value: 0x0001
[FAIL] Test No: 4, Component: OutA, Actual Value: 0x0000, Expected Value: 0x0004
[FAIL] Test No: 4, Component: ALUOut, Actual Value: 0x0000, Expected Value: 0x0008
[FAIL] Test No: 4, Component: R2, Actual Value: 0x0002, Expected Value: 0x0004
[FAIL] Test No: 5, Component: PC, Actual Value: 0x3550, Expected Value: 0x364f
[PASS] Test No: 6, Component: R4, Actual Value: 0xf210, Expected Value: 0xf210
[FAIL] Test No: 6, Component: AR, Actual Value: 0x0000, Expected Value: 0xf210
[FAIL] Test No: 7, Component: R1, Actual Value: 0x2312, Expected Value: 0x0001
CPUSystem Simulation Finished
7 Test Failed
6 Test Passed
------------------------------------
exit
INFO: [Common 17-206] Exiting xsim at Thu May  7 17:05:10 2026...
